1167286267
10130759279
44166504044
21000006492
4432873656
4099128748
10000009814
1469323917
964676069
31265585970
45832986752
12886335457
3391623552
8000000921
33000009975
566392738
73901979
2331451
49620745578
3656002889
26360850621
61063421944
10626059024
1069169899
66579547
6000002617
8372179272
2000000531
3951006058
35900695104
27733695116
53837932461
9379334034
14389509226
5040336195
9136332753
2438818270
2709281016
401167614
37298349696
2647913798
19643604864
6090583734
49033287260
368832118
4000003705
30149188405
14900832264
17837926560
2626761756
4207506786
5682962800
9933204496
3049521230
38685616967
8000008637
26241157144
2318377646
488049425
10000001598
10389822301
19409375679
10738508244
12694648652
14612036800
8000004505
19888903950
10942087176
23513834664
35764165373
18778043448
27000009178
37149521599
7050707910
1063027446
11442267135
6155530640
308118123
9317035681
315509707
17000007531
22178084988
11822678706
35000003231
2238555756
8000004780
5459057219
1999998435
6826149204
5818714362
2369038483
14030021621
15115599072
14649324856
23848993947
9185214854
33771738606
16000011281
5001565949
4910541701
9035267058
1163914910
579859401
3982241370
24619927659
44728478075
2000002596
31386290161
11594436463
959090073
5633840121
6065013116
24414743404
60117805
1287454801
9682065142
7185329037
1276738866
20000005162
39022283082
1025975612
12640802625
5489912735
13935006906
2937179568
1106900840
8684490859
155656186
29775347463
28178667295
12213672519
19000007011
35551211525
2557074594
7017540726
7983562081
5883909937
29189480817
16243856041
7656385092
41686944380
18372014134
841799682
19391899312
10894810896
1549994637
1273962876
17980642842
9295872073
19249653067
30966724030
32000022216
4353130920
10811072033
10925383416
17998116189
734912253
423332594
21380652094
5999999266
28778014724
10068207757
1086541647
58506025076
1306731
341989620
36127745101
11781541738
43992362287
13960700136
8676395692
10953843911
100908672
27690122225
39155768894
23854563670
2469894648
4159478111
38412086332
5792646801
333623764
