1662077866793
719317435581
7423001867823
1919456121984
139658651526
1383384176269
14115589972
817000210720
5794481061642
3074753511711
578000142040
1270000336722
7443016406243
362452743828
961399783705
1976961178756
1001183969332
572366404907
1526209731812
1335395443826
7002001608534
2231946188282
4160200619795
140000041272
264168367146
47946079032
234057920352
4882069771281
771369457564
148000034809
46301413168
1994437830456
337628495266
10137983667941
240690138048
400000084440
775000205920
617000158671
16999998950
6413427521871
115565437216
4716013188093
6394505797056
3015979417921
1326057353782
1528828990757
343828051298
