238962909625
2991783681224
3726385590220
52928151520
932000234049
17251654983
141774909578
110185728820
1305825390113
3752464059462
409127784246
2580157332745
12584483370
1525393173855
6433816705284
862385042637
3111019140590
236408980608
80335554
623991537156
411367802739
6988587319475
6135825598110
1470116465434
136107620705
2828339053739
577365489488
1965000488654
765916093301
259585856010
2509000528278
162631122176
1197944841250
4357000974284
582694094405
276378652281
39057000288
3172249596495
339224580731
1445324986774
1867037902317
80234562475
9934486899806
907656904629
1726441558812
3175425664100
1205592717257
2469390152502
1081000213973
4058921851691
7650001907839
16965330366
