59859096
18731101931
584656138
15921348625
17535863024
12448015782
33771199776
48554859673
10297721981
2386810800
156570467
17264235932
335598440
16200031392
45518921962
5591644488
14841757657
9264645492
3453092873
12237863773
3867353245
33083912677
3605037419
1060745095
6995786518
3592078077
250392468
11359354773
29878658322
493180223
4795524981
11237971281
7810854232
3022995434
36000012730
51013643348
17371329883
10778729236
45156506400
21181617305
11643864075
6365888950
511134912
567413645
23353821463
4164025375
26050307783
41253815
4189870796
3761915314
2462070674
2000000371
1914290153
2483491178
12472114603
11913156058
5887347595
24611747645
35382644160
21962109091
3000002091
34000011327
33406795301
13220616844
129714740
8120193105
4510772420
6000002880
14258673092
16000002428
9458182709
7794118717
9000000480
126575849
60945150900
3179205696
4195698717
26422258657
27696139851
2037975417
30450229445
7722405094
25564484859
2561690842
15668779492
378173916
14975232744
10403103910
13000009766
1571483418
1362414672
18571572318
27799248887
1003752531
26191769630
2000001872
1000002125
7129043179
10104303787
6065414469
31441716249
8765952525
847448529
50139960320
13982430156
2000000036
27496248803
3000002458
7010970411
30000005921
5185234987
11381296818
36000003206
2555561038
7117847496
14058916526
29824639872
8168103397
8448620002
9144823985
11000003414
6733588677
266903507
153265424
2531525817
7914763080
47101903
15714370650
5011330532
22556119467
16300245252
12459203294
25226067456
83353487
30808107259
23489353490
13493766
10766894805
21371501858
35162891388
3169202557
1664674302
13912396862
3955884013
22000016709
5113483574
10546638048
3726794913
762735604
12000007570
6419914457
13058663085
37699695920
32000596938
8006136
7220476500
11678973827
1361011111
6987055982
10172516811
4646439580
48000006889
1892560347
47098207745
36000010654
9041847812
3885523255
1000001976
8332847862
8818918989
749748924
26731064585
8000002505
23144384410
12184784294
26241909240
25000004832
6055001838
45061483534
24584851867
1000002064
14339951458
22015713795
9000001767
15833096819
227694182
33905832987
4000003883
21464566118
6545927360
16708353738
13000005975
6569874515
25500041985
11000008205
12394561582
