353876797416
2000000881
5674281388671
4970967512
1229610972593
188854690
4002142317144
2238285394237
1896244813062
1723831894144
102942597203
7765061610550
6441748994971
4521803234375
2235712824702
6849609330039
1589153041224
947430257337
46000001401
2832540771749
3056387546884
108317837747
1658803923365
436000124080
1034907035751
401223737544
2867864008409
6500814663906
5424285695651
516485996854
56732262244
4845001171840
4308392644959
7569535650895
250134220794
1394693484910
43972356680
43134054595
1113240356748
3279000785530
3660847065196
1855216770718
1167934412199
172218553
647176931692
