86651074
4999999868
4805822961
1355882863
1000001215
1055399525
4254687716
999999625
5709316851
686198576
5411792496
4000000444
2739365863
304274912
309903849
3000002961
756136186
973087844
581397793
2687863654
2410470559
1000000511
133492478
4999999894
7161074269
5246481512
948019416
207949451
5000001409
1000001844
2991344803
7074387639
2423781060
1000002189
2999997836
189306376
1648837508
1000000930
2927732338
3000003060
6225329051
3374186461
84628630
5797785856
1266653192
2000001538
605219662
3164374325
2650433670
161992548
102212030
616189059
2000002801
5402807604
6716085022
1293462205
7411917781
461989253
105731527
3185151204
4956559843
4378327933
3063820683
1773757346
2000002820
2021224986
965452199
5304391195
4266806905
274529236
2000002184
6433083181
999999858
1569743132
3171021750
3000002741
1147112937
999998513
322817964
3148066079
462670266
677619054
981489208
1999999992
3148195543
6364854462
3336032542
2281871796
5958437948
3864076253
6535511187
3000001546
556578468
389158546
2788175021
5434322705
500882454
1000000851
2774024448
4481889286
3403775023
1987374052
971257727
2391568560
560179332
2563618504
2685667882
3035733580
4031386661
3326028039
3671525075
1805765509
2100499620
6418176131
3428298610
2667100887
5219904424
688160561
4081301728
2544641976
2475794373
1161572788
2034247558
6014592955
495335986
6585502865
3808903556
28045926
776998620
2000001100
1113256858
5148172045
5000001739
395525233
1937582645
1000000269
3887261002
792720165
2015925479
3637393799
3014129489
1824551934
3444216095
146571756
1447765894
2094290397
1019865460
1507715110
4175573821
5512677640
1174291766
5544029003
1708645307
3695181740
6192064077
8097668993
2183441958
3000000259
2368469596
5415867254
170213068
580871710
2981007281
3359455334
4302982140
1685865729
1721420621
4807468014
4063012675
4782924429
3502602258
4306411135
561683376
609750463
4000000186
1320266871
3559263356
2083227423
2594947592
1341168401
1000002828
2462602801
242533273
5665735004
2999999945
5018964474
1189592911
1999997459
1594370324
598663384
2795004234
8233481265
36474199
1735907887
2535327360
4075898300
61692855
5236782833
5000004354
119639927
6299347492
1825040669
68769774
7727548851
4241888425
3278675254
791802223
3704539349
3000002390
2381919717
6880321250
2263172180
1999997837
2544059134
1585886735
4255784753
2558596500
2815351280
1791017667
569043399
60899646
3638303733
1556095876
4849146203
80901543
2929263309
4920951518
2863528641
2765123459
3834232783
1000001951
618278097
1000000652
72727606
3429901161
2231830554
2142709549
4329627048
1324372022
3678298340
1425403310
4999996527
4534420668
6296122531
2378695970
981747688
3678368491
1434368962
242902200
3773954828
32502438
3115640980
5976333453
6503616423
4210814611
532509002
4301275110
2224568245
5758187698
1606264893
626957116
4006843691
3202312497
223772677
159791115
751261856
6244532747
2486066348
1520536446
5684651830
4161850425
7217198867
3951401849
588892461
1573870737
3104281180
3000003796
278307788
1839461274
772537376
4383525668
5697334136
6011054120
2943297959
3521605705
3243531500
527821037
5109783711
2000000876
5333256461
6050019179
1142871180
641652228
8544598
3035554148
4568631796
5405783557
2999998155
506558250
2443249441
11177501
747984530
3697113912
2403071042
5081421587
3372886415
1215001551
3085289895
1514573053
3994000095
4571469790
4000003724
2933958582
5018563585
2874665537
2732244804
2463060651
3011366293
4157938357
1572847471
1403182597
1976860652
5646247187
18276888
2288809824
3664320229
2002606765
1875229416
733687474
4419976234
2852010498
3686872945
726708002
3027291453
53960081
3850299143
2027009608
1596758771
894166745
2000001318
4519843425
1000001994
618679927
1729907766
3175208455
25217086
1273260884
2286744423
5797331271
4199760189
1000001332
756711419
1154176457
1000003874
2000001998
3000001197
5093170547
2311872594
1000001628
2138779264
3259301982
645963053
1000001165
4287669451
3059643822
607317465
4000003740
5621751733
591872
6421369687
2468320076
1978183910
648884982
1601237002
1000001306
1999999382
10552514
1865481796
1951971630
4915541505
4000000902
4000003798
1000002322
1848525903
1252779372
1556641281
4556212834
1506458627
2907949784
4167085039
5054441188
5887834086
2999999487
1142544758
6849354856
6685707428
7985342616
5384867707
4999998278
3118595358
2110618551
4373820471
329929667
4718216242
1000002285
1332357204
4000000438
104048166
4726394916
3864550651
3520401627
3191753148
2932842796
4189921347
5290363213
1716819326
1854718749
1944412902
7731968604
5952374251
1351510996
6704387847
6871812010
6054546099
3000000966
4856033495
381858133
3624410517
5223943351
5000002645
1028658027
1158524670
1000000220
4567839095
3000002930
761287042
3796329726
1914392821
4306239304
556222909
4000002991
7340376414
1119589993
3338532403
3836393649
1494719608
223992689
1000001085
12663115035
790605069
5240792379
1383568763
3572031119
1269236778
3147223453
5272581340
4616750296
3000003428
1209203901
2853274688
5239673725
1655802945
1999998309
2025589867
1000000479
5211278460
5618925604
4164264778
1674855575
2179351481
3507632477
780820537
1000002548
3000002873
1000001681
29430043
30375708
2132697125
1457686793
242127541
1558072241
3148433838
3000002906
2652867890
1103953869
5000003208
2140761279
999998991
5218860407
5745821723
123300744
373030975
2130498294
14501294
631432360
262195138
5911761542
2899738917
5150547270
1000000480
4445277707
2751874228
4976810955
4865928139
1022940056
2668683522
2563023178
3066938399
799015853
514680380
3643943976
2834423927
2615154529
3593190076
3021221533
4951766370
5221093777
2644717032
7207332828
3945538265
2538244458
5105727364
4000001252
5243299200
55222957
50121007
4981784312
1491639751
5177373674
679562523
2674997568
1000000017
1979381419
503923372
2690218170
2234280821
11717696790
2499739882
2000002927
2685390293
37233493
2613843300
3331032461
7520832230
42038129
2004135503
3894062566
405110314
7704699330
3617277924
3601111267
101958548
4082203504
1127115331
2103817104
1559882395
640127647
546578225
1808066239
3000001714
2801780200
5423610933
3420671359
1713268254
382682427
3534935920
2060122842
3752130629
4551064629
4000001028
2021904556
2712912158
3585895786
4836239724
398094999
122502973
2272851878
85342132
90521889
27879190
3177814331
999999538
5000000200
9726158
2463620791
1865483650
5178551598
575531925
5910617968
1247905409
3136732513
2651469145
2409254125
120116693
1264885567
5375043134
2021290984
3999999355
4504083724
3577118285
3000000525
1058256621
431083309
1974710544
4860057592
3662782580
7780955586
4000001035
38364344
450817918
548548061
3864093248
2543674181
1753197181
55948177
3163778898
2533770586
5000001875
6064940042
3359941583
2659754449
118211341
7512799379
249499185
146341903
3209833188
6642915872
1000000886
40851453
216401938
3747884362
5449604688
1877263388
1518745110
179650389
4106563560
5209519306
566887308
919943663
1986203434
2270148740
344774796
2206484974
6059561011
2720523660
83731916
1305238413
2000000761
6169683578
1695138729
2795913611
2067373220
347401458
534030626
2268927524
2655200339
2000000279
3120220231
1708333907
346072839
3000000586
3999999667
2863369977
3000003418
1376375289
2879518621
6493073131
3304475576
5634229681
3609218300
1678951054
2097058497
4000001544
4327193778
4861260662
843402745
7619296498
373378288
1173831557
2999999856
4006457138
2000002568
679200147
2710209171
3247379140
1999999575
3906885485
3000004683
1462819072
2174462955
271214661
6754959094
3000001701
2292423645
128832653
1999999722
807397653
1553228896
5373808067
677468928
2694452306
1029184335
4021238899
8030772140
1000001722
5353085261
3012434832
2000001929
2912903344
2000003499
885475762
7462228375
5172648454
827214
350404432
5000002154
1540275991
1884984398
2000001694
6124121757
3999069061
903014745
4715625972
4416808604
259163668
726542938
490748055
5904963824
2368605446
5257684636
3497770051
97097672
460815574
890322006
1789433704
4814690080
1562574179
3829713590
2407585071
90261120
2426999154
1859778314
648532173
1225933252
262344933
909908882
1592248561
4000002944
1000000667
3271597902
3308001729
4000003489
1943269232
2027176259
4481232511
6236400680
1324973247
3046837776
5392821920
4287397894
4490008966
1584247882
1739669113
3685828608
1313036200
3949378098
7970336255
4725659966
2753939157
4639564319
336083487
973648141
2678745943
4156721156
3500258736
5617918941
5258518840
565334231
2270336984
1760520155
2000002587
128705897
5983686105
4582971969
1401436427
5000002618
1991081111
2100668386
1996096440
3736087267
4170164521
2666144481
1882787088
762955659
956703287
3000003615
5836345382
188937105
1901732973
5867779681
1239495893
3000000433
5041017928
1292054125
5325464079
744461897
4891127782
740879829
3056836510
497110329
2768784110
147091074
1174525876
3057244181
4294621319
1573184173
4121884390
4084959342
1757808707
5121507211
29173785
72137780
2431794869
5183503006
823187614
2954268934
4550267808
504575401
3358327376
1883858740
1757252026
4067769454
259115799
886441881
5619256473
2156364782
3108307926
3000003944
185696243
2000000858
935021843
173188330
1500556251
529003262
60161217
1660025045
1182510163
3323105989
1485274196
52422246
494938976
1107038724
6918162714
5281251594
1946030631
2219462860
3992021609
3000002395
1915916937
2420490800
7598345820
2963245853
2971361722
2392240221
2253475208
3065308609
1467640328
1040506562
2000003418
5865268870
5000000572
4000002824
1832399111
4381485924
865089255
1361309280
33984284
771977029
5534568806
5685942676
1069663482
1392336271
858457934
4174249289
211551048
5840512679
1000000435
610527819
357464292
5769496033
455433413
1075582692
946252382
479624862
465606047
3809536238
1139169040
2519854417
5653731283
2048025702
5121915199
5210509945
